###############################################################################
#
# IAR ELF Linker V8.40.1.212/W32 for ARM                  19/May/2020  16:47:47
# Copyright 2007-2019 IAR Systems AB.
#
#    Output file  =
#        C:\Users\SooYong\Documents\STM32F_SPI\EWARM\STM32F_SPI\Exe\STM32F_SPI.out
#    Map file     =
#        C:\Users\SooYong\Documents\STM32F_SPI\EWARM\STM32F_SPI\List\STM32F_SPI.map
#    Command line =
#        -f C:\Users\SooYong\AppData\Local\Temp\EW3D3B.tmp
#        (C:\Users\SooYong\Documents\STM32F_SPI\EWARM\STM32F_SPI\Obj\AD7606.o
#        C:\Users\SooYong\Documents\STM32F_SPI\EWARM\STM32F_SPI\Obj\main.o
#        C:\Users\SooYong\Documents\STM32F_SPI\EWARM\STM32F_SPI\Obj\startup_stm32f746xx.o
#        C:\Users\SooYong\Documents\STM32F_SPI\EWARM\STM32F_SPI\Obj\stm32f7xx_hal.o
#        C:\Users\SooYong\Documents\STM32F_SPI\EWARM\STM32F_SPI\Obj\stm32f7xx_hal_cortex.o
#        C:\Users\SooYong\Documents\STM32F_SPI\EWARM\STM32F_SPI\Obj\stm32f7xx_hal_dma.o
#        C:\Users\SooYong\Documents\STM32F_SPI\EWARM\STM32F_SPI\Obj\stm32f7xx_hal_dma_ex.o
#        C:\Users\SooYong\Documents\STM32F_SPI\EWARM\STM32F_SPI\Obj\stm32f7xx_hal_flash.o
#        C:\Users\SooYong\Documents\STM32F_SPI\EWARM\STM32F_SPI\Obj\stm32f7xx_hal_flash_ex.o
#        C:\Users\SooYong\Documents\STM32F_SPI\EWARM\STM32F_SPI\Obj\stm32f7xx_hal_gpio.o
#        C:\Users\SooYong\Documents\STM32F_SPI\EWARM\STM32F_SPI\Obj\stm32f7xx_hal_i2c.o
#        C:\Users\SooYong\Documents\STM32F_SPI\EWARM\STM32F_SPI\Obj\stm32f7xx_hal_i2c_ex.o
#        C:\Users\SooYong\Documents\STM32F_SPI\EWARM\STM32F_SPI\Obj\stm32f7xx_hal_msp.o
#        C:\Users\SooYong\Documents\STM32F_SPI\EWARM\STM32F_SPI\Obj\stm32f7xx_hal_pwr.o
#        C:\Users\SooYong\Documents\STM32F_SPI\EWARM\STM32F_SPI\Obj\stm32f7xx_hal_pwr_ex.o
#        C:\Users\SooYong\Documents\STM32F_SPI\EWARM\STM32F_SPI\Obj\stm32f7xx_hal_rcc.o
#        C:\Users\SooYong\Documents\STM32F_SPI\EWARM\STM32F_SPI\Obj\stm32f7xx_hal_rcc_ex.o
#        C:\Users\SooYong\Documents\STM32F_SPI\EWARM\STM32F_SPI\Obj\stm32f7xx_hal_spi.o
#        C:\Users\SooYong\Documents\STM32F_SPI\EWARM\STM32F_SPI\Obj\stm32f7xx_hal_tim.o
#        C:\Users\SooYong\Documents\STM32F_SPI\EWARM\STM32F_SPI\Obj\stm32f7xx_hal_tim_ex.o
#        C:\Users\SooYong\Documents\STM32F_SPI\EWARM\STM32F_SPI\Obj\stm32f7xx_it.o
#        C:\Users\SooYong\Documents\STM32F_SPI\EWARM\STM32F_SPI\Obj\system_stm32f7xx.o
#        --redirect _Printf=_PrintfFull --redirect _Scanf=_ScanfFull
#        --no_out_extension -o
#        C:\Users\SooYong\Documents\STM32F_SPI\EWARM\STM32F_SPI\Exe\STM32F_SPI.out
#        --map
#        C:\Users\SooYong\Documents\STM32F_SPI\EWARM\STM32F_SPI\List\STM32F_SPI.map
#        --config
#        C:\Users\SooYong\Documents\STM32F_SPI\EWARM/stm32f746xx_flash.icf
#        --semihosting --entry __iar_program_start --vfe --text_out locale)
#
###############################################################################

*******************************************************************************
*** RUNTIME MODEL ATTRIBUTES
***

CppFlavor       = *
__SystemLibrary = DLib
__dlib_version  = 6


*******************************************************************************
*** HEAP SELECTION
***

The basic heap was selected because some modules are built with
size limitations (and not runtime checking), and --advanced_heap
was not specified.


*******************************************************************************
*** PLACEMENT SUMMARY
***

"A0":  place at address 0x800'0000 { ro section .intvec };
"P1":  place in [from 0x800'0000 to 0x80f'ffff] { ro };
define block CSTACK with size = 1K, alignment = 8 { };
define block HEAP with size = 512, alignment = 8 { };
"P2":  place in [from 0x2000'0000 to 0x2004'ffff] {
          rw, block CSTACK, block HEAP };
initialize by copy { rw };

  Section            Kind         Address    Size  Object
  -------            ----         -------    ----  ------
"A0":                                       0x1c8
  .intvec            ro code   0x800'0000   0x1c8  startup_stm32f746xx.o [1]
                             - 0x800'01c8   0x1c8

"P1":                                      0x1f2c
  .text              ro code   0x800'01c8   0x5c6  stm32f7xx_hal_spi.o [1]
  .text              ro code   0x800'078e    0x3a  zero_init3.o [4]
  .text              ro code   0x800'07c8    0xec  stm32f7xx_hal_msp.o [1]
  .text              ro code   0x800'08b4     0xc  stm32f7xx_hal.o [1]
  .text              ro code   0x800'08c0    0xe2  stm32f7xx_hal_cortex.o [1]
  .text              ro code   0x800'09a2    0x2e  copy_init3.o [4]
  .text              ro code   0x800'09d0   0x20c  stm32f7xx_hal_gpio.o [1]
  .text              ro code   0x800'0bdc   0x46c  stm32f7xx_hal_rcc.o [1]
  .text              ro code   0x800'1048    0x40  stm32f7xx_hal.o [1]
  .text              ro code   0x800'1088   0x106  I64DivMod_small.o [4]
  .text              ro code   0x800'1190     0x2  I64DivZer.o [4]
  .text              ro code   0x800'1194   0x278  stm32f7xx_hal_tim.o [1]
  .text              ro code   0x800'140c     0x2  stm32f7xx_hal_tim.o [1]
  .text              ro code   0x800'140e     0x2  stm32f7xx_hal_tim.o [1]
  .text              ro code   0x800'1410     0x2  stm32f7xx_hal_tim.o [1]
  .text              ro code   0x800'1412     0x2  stm32f7xx_hal_tim_ex.o [1]
  .text              ro code   0x800'1414     0x2  stm32f7xx_hal_tim.o [1]
  .text              ro code   0x800'1416     0x2  stm32f7xx_hal_tim_ex.o [1]
  .text              ro code   0x800'1418     0x2  stm32f7xx_hal_tim.o [1]
  .text              ro code   0x800'141c   0x238  main.o [1]
  .text              ro code   0x800'1654    0x16  stm32f7xx_hal.o [1]
  .text              ro code   0x800'166c    0x58  stm32f7xx_hal_tim_ex.o [1]
  .text              ro code   0x800'16c4   0x13c  AD7606.o [1]
  .text              ro code   0x800'1800    0x28  stm32f7xx_hal.o [1]
  .text              ro code   0x800'1828    0x74  stm32f7xx_hal_pwr_ex.o [1]
  .text              ro code   0x800'189c   0x138  stm32f7xx_it.o [1]
  .text              ro code   0x800'19d4    0x10  stm32f7xx_hal.o [1]
  .text              ro code   0x800'19e4    0x1a  U32ToDbl.o [3]
  .text              ro code   0x800'1a00   0x1a2  DblMul.o [3]
  .text              ro code   0x800'1ba4   0x17a  DblAdd.o [3]
  .text              ro code   0x800'1d20    0x3a  DblToS32.o [3]
  .text              ro code   0x800'1d5c    0xd2  DblSub.o [3]
  .text              ro code   0x800'1e30    0x60  system_stm32f7xx.o [1]
  .text              ro code   0x800'1e90    0x28  data_init.o [4]
  .text              ro code   0x800'1eb8    0x22  fpinit_M.o [3]
  .iar.init_table    const     0x800'1edc    0x24  - Linker created -
  .text              ro code   0x800'1f00    0x1e  cmain.o [4]
  .text              ro code   0x800'1f1e     0x4  low_level_init.o [2]
  .text              ro code   0x800'1f22     0x4  exit.o [2]
  .text              ro code   0x800'1f28     0xa  cexit.o [4]
  .text              ro code   0x800'1f34    0x14  exit.o [5]
  .text              ro code   0x800'1f48    0x10  startup_stm32f746xx.o [1]
  Initializer bytes  const     0x800'1f58    0x10  <for P2-1>
  .text              ro code   0x800'1f68     0xc  cstartup_M.o [4]
  .text              ro code   0x800'1f74     0x4  startup_stm32f746xx.o [1]
  .text              ro code   0x800'1f78     0x4  startup_stm32f746xx.o [1]
  .text              ro code   0x800'1f7c     0x4  startup_stm32f746xx.o [1]
  .text              ro code   0x800'1f80     0x4  startup_stm32f746xx.o [1]
  .text              ro code   0x800'1f84     0x4  startup_stm32f746xx.o [1]
  .text              ro code   0x800'1f88     0x4  startup_stm32f746xx.o [1]
  .text              ro code   0x800'1f8c     0x4  startup_stm32f746xx.o [1]
  .text              ro code   0x800'1f90     0x4  startup_stm32f746xx.o [1]
  .text              ro code   0x800'1f94     0x4  startup_stm32f746xx.o [1]
  .text              ro code   0x800'1f98     0x4  startup_stm32f746xx.o [1]
  .text              ro code   0x800'1f9c     0x4  startup_stm32f746xx.o [1]
  .text              ro code   0x800'1fa0     0x4  startup_stm32f746xx.o [1]
  .text              ro code   0x800'1fa4     0x4  startup_stm32f746xx.o [1]
  .text              ro code   0x800'1fa8     0x4  startup_stm32f746xx.o [1]
  .text              ro code   0x800'1fac     0x4  startup_stm32f746xx.o [1]
  .text              ro code   0x800'1fb0     0x4  startup_stm32f746xx.o [1]
  .text              ro code   0x800'1fb4     0x4  startup_stm32f746xx.o [1]
  .text              ro code   0x800'1fb8     0x4  startup_stm32f746xx.o [1]
  .text              ro code   0x800'1fbc     0x4  startup_stm32f746xx.o [1]
  .text              ro code   0x800'1fc0     0x4  startup_stm32f746xx.o [1]
  .text              ro code   0x800'1fc4     0x4  startup_stm32f746xx.o [1]
  .text              ro code   0x800'1fc8     0x4  startup_stm32f746xx.o [1]
  .text              ro code   0x800'1fcc     0x4  startup_stm32f746xx.o [1]
  .text              ro code   0x800'1fd0     0x4  startup_stm32f746xx.o [1]
  .text              ro code   0x800'1fd4     0x4  startup_stm32f746xx.o [1]
  .text              ro code   0x800'1fd8     0x4  startup_stm32f746xx.o [1]
  .text              ro code   0x800'1fdc     0x4  startup_stm32f746xx.o [1]
  .text              ro code   0x800'1fe0     0x4  startup_stm32f746xx.o [1]
  .text              ro code   0x800'1fe4     0x4  startup_stm32f746xx.o [1]
  .text              ro code   0x800'1fe8     0x4  startup_stm32f746xx.o [1]
  .text              ro code   0x800'1fec     0x4  startup_stm32f746xx.o [1]
  .text              ro code   0x800'1ff0     0x4  startup_stm32f746xx.o [1]
  .text              ro code   0x800'1ff4     0x4  startup_stm32f746xx.o [1]
  .text              ro code   0x800'1ff8     0x4  startup_stm32f746xx.o [1]
  .text              ro code   0x800'1ffc     0x4  startup_stm32f746xx.o [1]
  .text              ro code   0x800'2000     0x4  startup_stm32f746xx.o [1]
  .text              ro code   0x800'2004     0x4  startup_stm32f746xx.o [1]
  .text              ro code   0x800'2008     0x4  startup_stm32f746xx.o [1]
  .text              ro code   0x800'200c     0x4  startup_stm32f746xx.o [1]
  .text              ro code   0x800'2010     0x4  startup_stm32f746xx.o [1]
  .text              ro code   0x800'2014     0x4  startup_stm32f746xx.o [1]
  .text              ro code   0x800'2018     0x4  startup_stm32f746xx.o [1]
  .text              ro code   0x800'201c     0x4  startup_stm32f746xx.o [1]
  .text              ro code   0x800'2020     0x4  startup_stm32f746xx.o [1]
  .text              ro code   0x800'2024     0x4  startup_stm32f746xx.o [1]
  .text              ro code   0x800'2028     0x4  startup_stm32f746xx.o [1]
  .text              ro code   0x800'202c     0x4  startup_stm32f746xx.o [1]
  .text              ro code   0x800'2030     0x4  startup_stm32f746xx.o [1]
  .text              ro code   0x800'2034     0x4  startup_stm32f746xx.o [1]
  .text              ro code   0x800'2038     0x4  startup_stm32f746xx.o [1]
  .text              ro code   0x800'203c     0x4  startup_stm32f746xx.o [1]
  .text              ro code   0x800'2040     0x4  startup_stm32f746xx.o [1]
  .text              ro code   0x800'2044     0x4  startup_stm32f746xx.o [1]
  .text              ro code   0x800'2048     0x4  startup_stm32f746xx.o [1]
  .text              ro code   0x800'204c     0x4  startup_stm32f746xx.o [1]
  .text              ro code   0x800'2050     0x4  startup_stm32f746xx.o [1]
  .text              ro code   0x800'2054     0x4  startup_stm32f746xx.o [1]
  .text              ro code   0x800'2058     0x4  startup_stm32f746xx.o [1]
  .text              ro code   0x800'205c     0x4  startup_stm32f746xx.o [1]
  .text              ro code   0x800'2060     0x4  startup_stm32f746xx.o [1]
  .text              ro code   0x800'2064     0x4  startup_stm32f746xx.o [1]
  .text              ro code   0x800'2068     0x4  startup_stm32f746xx.o [1]
  .text              ro code   0x800'206c     0x4  startup_stm32f746xx.o [1]
  .text              ro code   0x800'2070     0x4  startup_stm32f746xx.o [1]
  .text              ro code   0x800'2074     0x4  startup_stm32f746xx.o [1]
  .text              ro code   0x800'2078     0x4  startup_stm32f746xx.o [1]
  .text              ro code   0x800'207c     0x4  startup_stm32f746xx.o [1]
  .text              ro code   0x800'2080     0x4  startup_stm32f746xx.o [1]
  .text              ro code   0x800'2084     0x4  startup_stm32f746xx.o [1]
  .text              ro code   0x800'2088     0x4  startup_stm32f746xx.o [1]
  .text              ro code   0x800'208c     0x4  startup_stm32f746xx.o [1]
  .text              ro code   0x800'2090     0x4  startup_stm32f746xx.o [1]
  .text              ro code   0x800'2094     0x4  startup_stm32f746xx.o [1]
  .text              ro code   0x800'2098     0x4  startup_stm32f746xx.o [1]
  .text              ro code   0x800'209c     0x4  startup_stm32f746xx.o [1]
  .text              ro code   0x800'20a0     0x4  startup_stm32f746xx.o [1]
  .text              ro code   0x800'20a4     0x4  startup_stm32f746xx.o [1]
  .text              ro code   0x800'20a8     0x4  startup_stm32f746xx.o [1]
  .text              ro code   0x800'20ac     0x4  startup_stm32f746xx.o [1]
  .text              ro code   0x800'20b0     0x4  startup_stm32f746xx.o [1]
  .text              ro code   0x800'20b4     0x4  startup_stm32f746xx.o [1]
  .text              ro code   0x800'20b8     0x4  startup_stm32f746xx.o [1]
  .text              ro code   0x800'20bc     0x4  startup_stm32f746xx.o [1]
  .text              ro code   0x800'20c0     0x4  startup_stm32f746xx.o [1]
  .text              ro code   0x800'20c4     0x4  startup_stm32f746xx.o [1]
  .text              ro code   0x800'20c8     0x4  startup_stm32f746xx.o [1]
  .text              ro code   0x800'20cc     0x4  startup_stm32f746xx.o [1]
  .text              ro code   0x800'20d0     0x4  startup_stm32f746xx.o [1]
  .text              ro code   0x800'20d4     0x4  startup_stm32f746xx.o [1]
  .text              ro code   0x800'20d8     0x4  startup_stm32f746xx.o [1]
  .text              ro code   0x800'20dc     0x4  startup_stm32f746xx.o [1]
  .text              ro code   0x800'20e0     0x4  startup_stm32f746xx.o [1]
  .text              ro code   0x800'20e4     0x4  startup_stm32f746xx.o [1]
  .text              ro code   0x800'20e8     0x4  startup_stm32f746xx.o [1]
  .text              ro code   0x800'20ec     0x4  startup_stm32f746xx.o [1]
  .text              ro code   0x800'20f0     0x4  startup_stm32f746xx.o [1]
  .rodata            const     0x800'20f4     0x0  zero_init3.o [4]
  .rodata            const     0x800'20f4     0x0  copy_init3.o [4]
                             - 0x800'20f4  0x1f2c

"P2", part 1 of 3:                           0x10
  P2-1                        0x2000'0000    0x10  <Init block>
    .data            inited   0x2000'0000     0xc  stm32f7xx_hal.o [1]
    .data            inited   0x2000'000c     0x4  system_stm32f7xx.o [1]
                            - 0x2000'0010    0x10

"P2", part 2 of 3:                          0x120
  .bss               zero     0x2000'0010    0xa4  main.o [1]
  .bss               zero     0x2000'00b4    0x7c  stm32f7xx_it.o [1]
                            - 0x2000'0130   0x120

"P2", part 3 of 3:                          0x400
  CSTACK                      0x2000'0130   0x400  <Block>
    CSTACK           uninit   0x2000'0130   0x400  <Block tail>
                            - 0x2000'0530   0x400

Unused ranges:

         From           To      Size
         ----           --      ----
   0x800'20f4   0x80f'ffff  0xf'df0c
  0x2000'0530  0x2004'ffff  0x4'fad0


*******************************************************************************
*** INIT TABLE
***

          Address      Size
          -------      ----
Zero (__iar_zero_init3)
    1 destination range, total size 0x120:
          0x2000'0010  0x120

Copy (__iar_copy_init3)
    1 source range, total size 0x10:
           0x800'1f58   0x10
    1 destination range, total size 0x10:
          0x2000'0000   0x10



*******************************************************************************
*** MODULE SUMMARY
***

    Module                  ro code  ro data  rw data
    ------                  -------  -------  -------
command line/config:
    -------------------------------------------------
    Total:

C:\Users\SooYong\Documents\STM32F_SPI\EWARM\STM32F_SPI\Obj: [1]
    AD7606.o                    316
    main.o                      568               164
    startup_stm32f746xx.o       856
    stm32f7xx_hal.o             154       12       12
    stm32f7xx_hal_cortex.o      226
    stm32f7xx_hal_gpio.o        524
    stm32f7xx_hal_msp.o         236
    stm32f7xx_hal_pwr_ex.o      116
    stm32f7xx_hal_rcc.o       1'132
    stm32f7xx_hal_spi.o       1'478
    stm32f7xx_hal_tim.o         642
    stm32f7xx_hal_tim_ex.o       92
    stm32f7xx_it.o              312               124
    system_stm32f7xx.o           96        4        4
    -------------------------------------------------
    Total:                    6'748       16      304

dl7M_tlf.a: [2]
    exit.o                        4
    low_level_init.o              4
    -------------------------------------------------
    Total:                        8

m7M_tls.a: [3]
    DblAdd.o                    378
    DblMul.o                    418
    DblSub.o                    210
    DblToS32.o                   58
    U32ToDbl.o                   26
    fpinit_M.o                   34
    -------------------------------------------------
    Total:                    1'124

rt7M_tl.a: [4]
    I64DivMod_small.o           262
    I64DivZer.o                   2
    cexit.o                      10
    cmain.o                      30
    copy_init3.o                 46
    cstartup_M.o                 12
    data_init.o                  40
    zero_init3.o                 58
    -------------------------------------------------
    Total:                      460

shb_l.a: [5]
    exit.o                       20
    -------------------------------------------------
    Total:                       20

    Gaps                         22        2
    Linker created                        36    1'024
-----------------------------------------------------
    Grand Total:              8'382       54    1'328


*******************************************************************************
*** ENTRY LIST
***

Entry                       Address   Size  Type      Object
-----                       -------   ----  ----      ------
.iar.init_table$$Base    0x800'1edc          --   Gb  - Linker created -
.iar.init_table$$Limit   0x800'1f00          --   Gb  - Linker created -
?main                    0x800'1f01         Code  Gb  cmain.o [4]
AD7606_DataRead          0x800'17c5   0x2e  Code  Gb  AD7606.o [1]
AD7606_DataReadSignal    0x800'1765   0x44  Code  Gb  AD7606.o [1]
AD7606_OverSampling_Setting
                         0x800'16fd   0x60  Code  Gb  AD7606.o [1]
AD7606_Reset             0x800'16c5   0x1e  Code  Gb  AD7606.o [1]
AD7606_VoltageRange_Setting
                         0x800'16e3   0x1a  Code  Gb  AD7606.o [1]
AHBPrescTable            0x800'1e80   0x10  Data  Gb  system_stm32f7xx.o [1]
BusFault_Handler         0x800'18b1    0x2  Code  Gb  stm32f7xx_it.o [1]
CSTACK$$Base            0x2000'0130          --   Gb  - Linker created -
CSTACK$$Limit           0x2000'0530          --   Gb  - Linker created -
DebugMon_Handler         0x800'18b7    0x2  Code  Gb  stm32f7xx_it.o [1]
Delay_us                 0x800'189d    0xe  Code  Gb  stm32f7xx_it.o [1]
HAL_Delay                0x800'1801   0x28  Code  Wk  stm32f7xx_hal.o [1]
HAL_GPIO_Init            0x800'09d1  0x1c4  Code  Gb  stm32f7xx_hal_gpio.o [1]
HAL_GPIO_ReadPin         0x800'0b95    0xc  Code  Gb  stm32f7xx_hal_gpio.o [1]
HAL_GPIO_WritePin        0x800'0ba1    0x8  Code  Gb  stm32f7xx_hal_gpio.o [1]
HAL_GetTick              0x800'08b5    0xc  Code  Wk  stm32f7xx_hal.o [1]
HAL_IncTick              0x800'19d5   0x10  Code  Wk  stm32f7xx_hal.o [1]
HAL_Init                 0x800'1655   0x16  Code  Gb  stm32f7xx_hal.o [1]
HAL_InitTick             0x800'1049   0x40  Code  Wk  stm32f7xx_hal.o [1]
HAL_MspInit              0x800'07c9   0x60  Code  Gb  stm32f7xx_hal_msp.o [1]
HAL_NVIC_EnableIRQ       0x800'092f    0xc  Code  Gb  stm32f7xx_hal_cortex.o [1]
HAL_NVIC_SetPriority     0x800'08f5   0x3a  Code  Gb  stm32f7xx_hal_cortex.o [1]
HAL_NVIC_SetPriorityGrouping
                         0x800'08db   0x1a  Code  Gb  stm32f7xx_hal_cortex.o [1]
HAL_PWREx_EnableOverDrive
                         0x800'1829   0x46  Code  Gb  stm32f7xx_hal_pwr_ex.o [1]
HAL_RCC_ClockConfig      0x800'0ecb   0xf8  Code  Gb  stm32f7xx_hal_rcc.o [1]
HAL_RCC_GetHCLKFreq      0x800'1023    0x6  Code  Gb  stm32f7xx_hal_rcc.o [1]
HAL_RCC_GetSysClockFreq
                         0x800'0fd7   0x4c  Code  Gb  stm32f7xx_hal_rcc.o [1]
HAL_RCC_OscConfig        0x800'0bdd  0x2ee  Code  Gb  stm32f7xx_hal_rcc.o [1]
HAL_SPI_Init             0x800'01c9   0xa8  Code  Gb  stm32f7xx_hal_spi.o [1]
HAL_SPI_MspInit          0x800'0829   0x42  Code  Gb  stm32f7xx_hal_msp.o [1]
HAL_SPI_Receive          0x800'0271  0x134  Code  Gb  stm32f7xx_hal_spi.o [1]
HAL_SPI_TransmitReceive
                         0x800'03b9  0x1fe  Code  Gb  stm32f7xx_hal_spi.o [1]
HAL_SYSTICK_CLKSourceConfig
                         0x800'096b   0x1a  Code  Gb  stm32f7xx_hal_cortex.o [1]
HAL_SYSTICK_Config       0x800'0943   0x28  Code  Gb  stm32f7xx_hal_cortex.o [1]
HAL_SYSTICK_IRQHandler   0x800'099d    0x4  Code  Gb  stm32f7xx_hal_cortex.o [1]
HAL_TIMEx_BreakCallback
                         0x800'1413    0x2  Code  Wk  stm32f7xx_hal_tim_ex.o [1]
HAL_TIMEx_CommutationCallback
                         0x800'1417    0x2  Code  Wk  stm32f7xx_hal_tim_ex.o [1]
HAL_TIMEx_MasterConfigSynchronization
                         0x800'166d   0x50  Code  Gb  stm32f7xx_hal_tim_ex.o [1]
HAL_TIM_Base_Init        0x800'1195   0x1a  Code  Gb  stm32f7xx_hal_tim.o [1]
HAL_TIM_Base_MspInit     0x800'086b   0x34  Code  Gb  stm32f7xx_hal_msp.o [1]
HAL_TIM_Base_Start_IT    0x800'11af   0x16  Code  Gb  stm32f7xx_hal_tim.o [1]
HAL_TIM_IRQHandler       0x800'11e9  0x158  Code  Gb  stm32f7xx_hal_tim.o [1]
HardFault_Handler        0x800'18ad    0x2  Code  Gb  stm32f7xx_it.o [1]
MemManage_Handler        0x800'18af    0x2  Code  Gb  stm32f7xx_it.o [1]
NMI_Handler              0x800'18ab    0x2  Code  Gb  stm32f7xx_it.o [1]
NVIC_SetPriority         0x800'08c1   0x1a  Code  Lc  stm32f7xx_hal_cortex.o [1]
PendSV_Handler           0x800'18b9    0x2  Code  Gb  stm32f7xx_it.o [1]
Region$$Table$$Base      0x800'1edc          --   Gb  - Linker created -
Region$$Table$$Limit     0x800'1f00          --   Gb  - Linker created -
SPI_EndRxTransaction     0x800'06df   0x54  Code  Lc  stm32f7xx_hal_spi.o [1]
SPI_EndRxTxTransaction   0x800'074d   0x2a  Code  Lc  stm32f7xx_hal_spi.o [1]
SPI_WaitFifoStateUntilTimeout
                         0x800'062f   0x8e  Code  Lc  stm32f7xx_hal_spi.o [1]
SPI_WaitFlagStateUntilTimeout
                         0x800'05b7   0x78  Code  Lc  stm32f7xx_hal_spi.o [1]
SVC_Handler              0x800'18b5    0x2  Code  Gb  stm32f7xx_it.o [1]
SamplingFunc             0x800'1965   0x52  Code  Gb  stm32f7xx_it.o [1]
SysTick_Handler          0x800'18bb    0xe  Code  Gb  stm32f7xx_it.o [1]
SystemClock_Config       0x800'1587   0xa8  Code  Gb  main.o [1]
SystemCoreClock         0x2000'000c    0x4  Data  Gb  system_stm32f7xx.o [1]
SystemInit               0x800'1e31   0x3c  Code  Gb  system_stm32f7xx.o [1]
TIM6_DAC_IRQHandler      0x800'18c9   0x90  Code  Gb  stm32f7xx_it.o [1]
TIM_Base_SetConfig       0x800'1347   0x96  Code  Gb  stm32f7xx_hal_tim.o [1]
UsageFault_Handler       0x800'18b3    0x2  Code  Gb  stm32f7xx_it.o [1]
__aeabi_d2iz             0x800'1d21         Code  Gb  DblToS32.o [3]
__aeabi_dadd             0x800'1ba5         Code  Gb  DblAdd.o [3]
__aeabi_dmul             0x800'1a01         Code  Gb  DblMul.o [3]
__aeabi_ldiv0            0x800'1191         Code  Gb  I64DivZer.o [4]
__aeabi_ui2d             0x800'19e5         Code  Gb  U32ToDbl.o [3]
__cmain                  0x800'1f01         Code  Gb  cmain.o [4]
__exit                   0x800'1f35   0x14  Code  Gb  exit.o [5]
__iar_copy_init3         0x800'09a3   0x2e  Code  Gb  copy_init3.o [4]
__iar_dadd               0x800'1d5d         Code  Gb  DblSub.o [3]
__iar_data_init3         0x800'1e91   0x28  Code  Gb  data_init.o [4]
__iar_dsub               0x800'1bb5         Code  Gb  DblAdd.o [3]
__iar_dsubStart          0x800'1bc7         Code  Gb  DblAdd.o [3]
__iar_init_vfp           0x800'1eb9         Code  Gb  fpinit_M.o [3]
__iar_program_start      0x800'1f69         Code  Gb  cstartup_M.o [4]
__iar_small_uldivmod     0x800'1089         Code  Gb  I64DivMod_small.o [4]
__iar_zero_init3         0x800'078f   0x3a  Code  Gb  zero_init3.o [4]
__low_level_init         0x800'1f1f    0x4  Code  Gb  low_level_init.o [2]
__vector_table           0x800'0000         Data  Gb  startup_stm32f746xx.o [1]
_call_main               0x800'1f0d         Code  Gb  cmain.o [4]
_exit                    0x800'1f29         Code  Gb  cexit.o [4]
_main                    0x800'1f1b         Code  Gb  cmain.o [4]
exit                     0x800'1f23    0x4  Code  Gb  exit.o [2]
filter_spivalue         0x2000'00d4   0x10  Data  Gb  stm32f7xx_it.o [1]
hspi1                   0x2000'0010   0x64  Data  Gb  main.o [1]
htim6                   0x2000'0074   0x40  Data  Gb  main.o [1]
main                     0x800'141d  0x15c  Code  Gb  main.o [1]
prev_spivalue           0x2000'00c4   0x10  Data  Gb  stm32f7xx_it.o [1]
spiData                 0x2000'0110   0x20  Data  Gb  stm32f7xx_it.o [1]
spi_sampling_arr        0x2000'00f0   0x20  Data  Gb  stm32f7xx_it.o [1]
spi_sampling_cnt        0x2000'00ec    0x4  Data  Gb  stm32f7xx_it.o [1]
spi_sampling_flag       0x2000'00e8    0x4  Data  Gb  stm32f7xx_it.o [1]
spi_timer               0x2000'00e4    0x4  Data  Gb  stm32f7xx_it.o [1]
spivalue                0x2000'00b4   0x10  Data  Gb  stm32f7xx_it.o [1]
uwTick                  0x2000'0004    0x4  Data  Gb  stm32f7xx_hal.o [1]
uwTickFreq              0x2000'0000    0x1  Data  Gb  stm32f7xx_hal.o [1]
uwTickPrio              0x2000'0008    0x4  Data  Gb  stm32f7xx_hal.o [1]


[1] = C:\Users\SooYong\Documents\STM32F_SPI\EWARM\STM32F_SPI\Obj
[2] = dl7M_tlf.a
[3] = m7M_tls.a
[4] = rt7M_tl.a
[5] = shb_l.a

  8'382 bytes of readonly  code memory
     54 bytes of readonly  data memory
  1'328 bytes of readwrite data memory

Errors: none
Warnings: none
