###############################################################################
#
# IAR ELF Linker V8.40.1.212/W32 for ARM                  15/May/2020  13:21:37
# Copyright 2007-2019 IAR Systems AB.
#
#    Output file  =  C:\IAR_Code\CAN_New2\EWARM\CAN_New2\Exe\CAN_New2.out
#    Map file     =  C:\IAR_Code\CAN_New2\EWARM\CAN_New2\List\CAN_New2.map
#    Command line =
#        -f C:\Users\KJH\AppData\Local\Temp\EW35A4.tmp
#        (C:\IAR_Code\CAN_New2\EWARM\CAN_New2\Obj\main.o
#        C:\IAR_Code\CAN_New2\EWARM\CAN_New2\Obj\startup_stm32f746xx.o
#        C:\IAR_Code\CAN_New2\EWARM\CAN_New2\Obj\stm32f7xx_hal.o
#        C:\IAR_Code\CAN_New2\EWARM\CAN_New2\Obj\stm32f7xx_hal_can.o
#        C:\IAR_Code\CAN_New2\EWARM\CAN_New2\Obj\stm32f7xx_hal_cortex.o
#        C:\IAR_Code\CAN_New2\EWARM\CAN_New2\Obj\stm32f7xx_hal_dma.o
#        C:\IAR_Code\CAN_New2\EWARM\CAN_New2\Obj\stm32f7xx_hal_dma_ex.o
#        C:\IAR_Code\CAN_New2\EWARM\CAN_New2\Obj\stm32f7xx_hal_exti.o
#        C:\IAR_Code\CAN_New2\EWARM\CAN_New2\Obj\stm32f7xx_hal_flash.o
#        C:\IAR_Code\CAN_New2\EWARM\CAN_New2\Obj\stm32f7xx_hal_flash_ex.o
#        C:\IAR_Code\CAN_New2\EWARM\CAN_New2\Obj\stm32f7xx_hal_gpio.o
#        C:\IAR_Code\CAN_New2\EWARM\CAN_New2\Obj\stm32f7xx_hal_i2c.o
#        C:\IAR_Code\CAN_New2\EWARM\CAN_New2\Obj\stm32f7xx_hal_i2c_ex.o
#        C:\IAR_Code\CAN_New2\EWARM\CAN_New2\Obj\stm32f7xx_hal_msp.o
#        C:\IAR_Code\CAN_New2\EWARM\CAN_New2\Obj\stm32f7xx_hal_pwr.o
#        C:\IAR_Code\CAN_New2\EWARM\CAN_New2\Obj\stm32f7xx_hal_pwr_ex.o
#        C:\IAR_Code\CAN_New2\EWARM\CAN_New2\Obj\stm32f7xx_hal_rcc.o
#        C:\IAR_Code\CAN_New2\EWARM\CAN_New2\Obj\stm32f7xx_hal_rcc_ex.o
#        C:\IAR_Code\CAN_New2\EWARM\CAN_New2\Obj\stm32f7xx_hal_tim.o
#        C:\IAR_Code\CAN_New2\EWARM\CAN_New2\Obj\stm32f7xx_hal_tim_ex.o
#        C:\IAR_Code\CAN_New2\EWARM\CAN_New2\Obj\stm32f7xx_it.o
#        C:\IAR_Code\CAN_New2\EWARM\CAN_New2\Obj\system_stm32f7xx.o --redirect
#        _Printf=_PrintfFull --redirect _Scanf=_ScanfFull --no_out_extension -o
#        C:\IAR_Code\CAN_New2\EWARM\CAN_New2\Exe\CAN_New2.out --map
#        C:\IAR_Code\CAN_New2\EWARM\CAN_New2\List\CAN_New2.map --config
#        C:\IAR_Code\CAN_New2\EWARM/stm32f746xx_flash.icf --semihosting --entry
#        __iar_program_start --vfe --text_out locale)
#
###############################################################################

*******************************************************************************
*** RUNTIME MODEL ATTRIBUTES
***

CppFlavor        = *
__CPP_Exceptions = Disabled
__CPP_Language   = C++14
__SystemLibrary  = DLib
__dlib_version   = 6


*******************************************************************************
*** HEAP SELECTION
***

The basic heap was selected because some modules are built with
size limitations (and not runtime checking), and --advanced_heap
was not specified.


*******************************************************************************
*** PLACEMENT SUMMARY
***

"A0":  place at address 0x800'0000 { ro section .intvec };
"P1":  place in [from 0x800'0000 to 0x80f'ffff] { ro };
define block CSTACK with size = 1K, alignment = 8 { };
define block HEAP with size = 512, alignment = 8 { };
"P2":  place in [from 0x2000'0000 to 0x2004'ffff] {
          rw, block CSTACK, block HEAP };
initialize by copy { rw };

  Section            Kind         Address    Size  Object
  -------            ----         -------    ----  ------
"A0":                                       0x1c8
  .intvec            ro code   0x800'0000   0x1c8  startup_stm32f746xx.o [1]
                             - 0x800'01c8   0x1c8

"P1":                                      0x1ef4
  .text              ro code   0x800'01c8   0x6a4  stm32f7xx_hal_can.o [1]
  .text              ro code   0x800'086c    0xec  stm32f7xx_hal_msp.o [1]
  .text              ro code   0x800'0958     0xc  stm32f7xx_hal.o [1]
  .text              ro code   0x800'0964     0x2  stm32f7xx_hal_can.o [1]
  .text              ro code   0x800'0966     0x2  stm32f7xx_hal_can.o [1]
  .text              ro code   0x800'0968     0x2  stm32f7xx_hal_can.o [1]
  .text              ro code   0x800'096a     0x2  stm32f7xx_hal_can.o [1]
  .text              ro code   0x800'096c     0x2  stm32f7xx_hal_can.o [1]
  .text              ro code   0x800'096e     0x2  stm32f7xx_hal_can.o [1]
  .text              ro code   0x800'0970     0x2  stm32f7xx_hal_can.o [1]
  .text              ro code   0x800'0972    0x3a  zero_init3.o [4]
  .text              ro code   0x800'09ac   0x25e  main.o [1]
  .text              ro code   0x800'0c0a     0x2  stm32f7xx_hal_can.o [1]
  .text              ro code   0x800'0c0c     0x2  stm32f7xx_hal_can.o [1]
  .text              ro code   0x800'0c0e     0x2  stm32f7xx_hal_can.o [1]
  .text              ro code   0x800'0c10     0x2  stm32f7xx_hal_can.o [1]
  .text              ro code   0x800'0c12     0x2  stm32f7xx_hal_can.o [1]
  .text              ro code   0x800'0c14    0x14  memset.o [4]
  .text              ro code   0x800'0c28   0x270  stm32f7xx_hal_gpio.o [1]
  .text              ro code   0x800'0e98   0x158  stm32f7xx_hal_cortex.o [1]
  .text              ro code   0x800'0ff0    0x16  stm32f7xx_hal.o [1]
  .text              ro code   0x800'1006    0x2e  copy_init3.o [4]
  .text              ro code   0x800'1034   0x2f8  stm32f7xx_hal_tim.o [1]
  .text              ro code   0x800'132c   0x668  stm32f7xx_hal_rcc.o [1]
  .text              ro code   0x800'1994    0x78  stm32f7xx_hal_pwr_ex.o [1]
  .text              ro code   0x800'1a0c    0xc0  stm32f7xx_hal_tim_ex.o [1]
  .text              ro code   0x800'1acc    0x66  ABImemset.o [4]
  .rodata            const     0x800'1b32     0x1  unwind_debug.o [5]
  .text              ro code   0x800'1b34    0x4c  stm32f7xx_hal.o [1]
  .text              ro code   0x800'1b80     0x2  stm32f7xx_hal_tim.o [1]
  .text              ro code   0x800'1b82     0x2  stm32f7xx_hal_tim.o [1]
  .text              ro code   0x800'1b84     0x2  stm32f7xx_hal_tim.o [1]
  .text              ro code   0x800'1b86     0x2  stm32f7xx_hal_tim.o [1]
  .text              ro code   0x800'1b88     0x2  stm32f7xx_hal_tim_ex.o [1]
  .text              ro code   0x800'1b8a     0x2  stm32f7xx_hal_tim_ex.o [1]
  .text              ro code   0x800'1b8c     0x2  stm32f7xx_hal_tim.o [1]
  .text              ro code   0x800'1b8e     0x2  stm32f7xx_hal_tim_ex.o [1]
  .text              ro code   0x800'1b90   0x230  I64DivMod.o [4]
  .text              ro code   0x800'1dc0     0x2  I64DivZer.o [4]
  .text              ro code   0x800'1dc4    0x58  stm32f7xx_it.o [1]
  .text              ro code   0x800'1e1c    0x18  stm32f7xx_hal.o [1]
  .text              ro code   0x800'1e34    0x28  data_init.o [4]
  .text              ro code   0x800'1e5c    0x22  fpinit_M.o [3]
  .iar.init_table    const     0x800'1e80    0x24  - Linker created -
  .text              ro code   0x800'1ea4    0x1e  cmain.o [4]
  .text              ro code   0x800'1ec2     0x4  low_level_init.o [2]
  .text              ro code   0x800'1ec6     0x4  exit.o [2]
  .text              ro code   0x800'1ecc     0xa  cexit.o [4]
  .text              ro code   0x800'1ed8    0x14  exit.o [5]
  .text              ro code   0x800'1eec    0x1c  system_stm32f7xx.o [1]
  .rodata            const     0x800'1f08    0x10  system_stm32f7xx.o [1]
  .text              ro code   0x800'1f18    0x10  startup_stm32f746xx.o [1]
  .text              ro code   0x800'1f28     0xc  cstartup_M.o [4]
  Initializer bytes  const     0x800'1f34     0xc  <for P2-1>
  .text              ro code   0x800'1f40     0x4  startup_stm32f746xx.o [1]
  .text              ro code   0x800'1f44     0x4  startup_stm32f746xx.o [1]
  .text              ro code   0x800'1f48     0x4  startup_stm32f746xx.o [1]
  .text              ro code   0x800'1f4c     0x4  startup_stm32f746xx.o [1]
  .text              ro code   0x800'1f50     0x4  startup_stm32f746xx.o [1]
  .text              ro code   0x800'1f54     0x4  startup_stm32f746xx.o [1]
  .text              ro code   0x800'1f58     0x4  startup_stm32f746xx.o [1]
  .text              ro code   0x800'1f5c     0x4  startup_stm32f746xx.o [1]
  .text              ro code   0x800'1f60     0x4  startup_stm32f746xx.o [1]
  .text              ro code   0x800'1f64     0x4  startup_stm32f746xx.o [1]
  .text              ro code   0x800'1f68     0x4  startup_stm32f746xx.o [1]
  .text              ro code   0x800'1f6c     0x4  startup_stm32f746xx.o [1]
  .text              ro code   0x800'1f70     0x4  startup_stm32f746xx.o [1]
  .text              ro code   0x800'1f74     0x4  startup_stm32f746xx.o [1]
  .text              ro code   0x800'1f78     0x4  startup_stm32f746xx.o [1]
  .text              ro code   0x800'1f7c     0x4  startup_stm32f746xx.o [1]
  .text              ro code   0x800'1f80     0x4  startup_stm32f746xx.o [1]
  .text              ro code   0x800'1f84     0x4  startup_stm32f746xx.o [1]
  .text              ro code   0x800'1f88     0x4  startup_stm32f746xx.o [1]
  .text              ro code   0x800'1f8c     0x4  startup_stm32f746xx.o [1]
  .text              ro code   0x800'1f90     0x4  startup_stm32f746xx.o [1]
  .text              ro code   0x800'1f94     0x4  startup_stm32f746xx.o [1]
  .text              ro code   0x800'1f98     0x4  startup_stm32f746xx.o [1]
  .text              ro code   0x800'1f9c     0x4  startup_stm32f746xx.o [1]
  .text              ro code   0x800'1fa0     0x4  startup_stm32f746xx.o [1]
  .text              ro code   0x800'1fa4     0x4  startup_stm32f746xx.o [1]
  .text              ro code   0x800'1fa8     0x4  startup_stm32f746xx.o [1]
  .text              ro code   0x800'1fac     0x4  startup_stm32f746xx.o [1]
  .text              ro code   0x800'1fb0     0x4  startup_stm32f746xx.o [1]
  .text              ro code   0x800'1fb4     0x4  startup_stm32f746xx.o [1]
  .text              ro code   0x800'1fb8     0x4  startup_stm32f746xx.o [1]
  .text              ro code   0x800'1fbc     0x4  startup_stm32f746xx.o [1]
  .text              ro code   0x800'1fc0     0x4  startup_stm32f746xx.o [1]
  .text              ro code   0x800'1fc4     0x4  startup_stm32f746xx.o [1]
  .text              ro code   0x800'1fc8     0x4  startup_stm32f746xx.o [1]
  .text              ro code   0x800'1fcc     0x4  startup_stm32f746xx.o [1]
  .text              ro code   0x800'1fd0     0x4  startup_stm32f746xx.o [1]
  .text              ro code   0x800'1fd4     0x4  startup_stm32f746xx.o [1]
  .text              ro code   0x800'1fd8     0x4  startup_stm32f746xx.o [1]
  .text              ro code   0x800'1fdc     0x4  startup_stm32f746xx.o [1]
  .text              ro code   0x800'1fe0     0x4  startup_stm32f746xx.o [1]
  .text              ro code   0x800'1fe4     0x4  startup_stm32f746xx.o [1]
  .text              ro code   0x800'1fe8     0x4  startup_stm32f746xx.o [1]
  .text              ro code   0x800'1fec     0x4  startup_stm32f746xx.o [1]
  .text              ro code   0x800'1ff0     0x4  startup_stm32f746xx.o [1]
  .text              ro code   0x800'1ff4     0x4  startup_stm32f746xx.o [1]
  .text              ro code   0x800'1ff8     0x4  startup_stm32f746xx.o [1]
  .text              ro code   0x800'1ffc     0x4  startup_stm32f746xx.o [1]
  .text              ro code   0x800'2000     0x4  startup_stm32f746xx.o [1]
  .text              ro code   0x800'2004     0x4  startup_stm32f746xx.o [1]
  .text              ro code   0x800'2008     0x4  startup_stm32f746xx.o [1]
  .text              ro code   0x800'200c     0x4  startup_stm32f746xx.o [1]
  .text              ro code   0x800'2010     0x4  startup_stm32f746xx.o [1]
  .text              ro code   0x800'2014     0x4  startup_stm32f746xx.o [1]
  .text              ro code   0x800'2018     0x4  startup_stm32f746xx.o [1]
  .text              ro code   0x800'201c     0x4  startup_stm32f746xx.o [1]
  .text              ro code   0x800'2020     0x4  startup_stm32f746xx.o [1]
  .text              ro code   0x800'2024     0x4  startup_stm32f746xx.o [1]
  .text              ro code   0x800'2028     0x4  startup_stm32f746xx.o [1]
  .text              ro code   0x800'202c     0x4  startup_stm32f746xx.o [1]
  .text              ro code   0x800'2030     0x4  startup_stm32f746xx.o [1]
  .text              ro code   0x800'2034     0x4  startup_stm32f746xx.o [1]
  .text              ro code   0x800'2038     0x4  startup_stm32f746xx.o [1]
  .text              ro code   0x800'203c     0x4  startup_stm32f746xx.o [1]
  .text              ro code   0x800'2040     0x4  startup_stm32f746xx.o [1]
  .text              ro code   0x800'2044     0x4  startup_stm32f746xx.o [1]
  .text              ro code   0x800'2048     0x4  startup_stm32f746xx.o [1]
  .text              ro code   0x800'204c     0x4  startup_stm32f746xx.o [1]
  .text              ro code   0x800'2050     0x4  startup_stm32f746xx.o [1]
  .text              ro code   0x800'2054     0x4  startup_stm32f746xx.o [1]
  .text              ro code   0x800'2058     0x4  startup_stm32f746xx.o [1]
  .text              ro code   0x800'205c     0x4  startup_stm32f746xx.o [1]
  .text              ro code   0x800'2060     0x4  startup_stm32f746xx.o [1]
  .text              ro code   0x800'2064     0x4  startup_stm32f746xx.o [1]
  .text              ro code   0x800'2068     0x4  startup_stm32f746xx.o [1]
  .text              ro code   0x800'206c     0x4  startup_stm32f746xx.o [1]
  .text              ro code   0x800'2070     0x4  startup_stm32f746xx.o [1]
  .text              ro code   0x800'2074     0x4  startup_stm32f746xx.o [1]
  .text              ro code   0x800'2078     0x4  startup_stm32f746xx.o [1]
  .text              ro code   0x800'207c     0x4  startup_stm32f746xx.o [1]
  .text              ro code   0x800'2080     0x4  startup_stm32f746xx.o [1]
  .text              ro code   0x800'2084     0x4  startup_stm32f746xx.o [1]
  .text              ro code   0x800'2088     0x4  startup_stm32f746xx.o [1]
  .text              ro code   0x800'208c     0x4  startup_stm32f746xx.o [1]
  .text              ro code   0x800'2090     0x4  startup_stm32f746xx.o [1]
  .text              ro code   0x800'2094     0x4  startup_stm32f746xx.o [1]
  .text              ro code   0x800'2098     0x4  startup_stm32f746xx.o [1]
  .text              ro code   0x800'209c     0x4  startup_stm32f746xx.o [1]
  .text              ro code   0x800'20a0     0x4  startup_stm32f746xx.o [1]
  .text              ro code   0x800'20a4     0x4  startup_stm32f746xx.o [1]
  .text              ro code   0x800'20a8     0x4  startup_stm32f746xx.o [1]
  .text              ro code   0x800'20ac     0x4  startup_stm32f746xx.o [1]
  .text              ro code   0x800'20b0     0x4  startup_stm32f746xx.o [1]
  .text              ro code   0x800'20b4     0x4  startup_stm32f746xx.o [1]
  .text              ro code   0x800'20b8     0x4  startup_stm32f746xx.o [1]
  .rodata            const     0x800'20bc     0x0  zero_init3.o [4]
  .rodata            const     0x800'20bc     0x0  copy_init3.o [4]
                             - 0x800'20bc  0x1ef4

"P2", part 1 of 3:                            0xc
  P2-1                        0x2000'0000     0x9  <Init block>
    .data            inited   0x2000'0000     0x4  stm32f7xx_hal.o [1]
    .data            inited   0x2000'0004     0x4  system_stm32f7xx.o [1]
    .data            inited   0x2000'0008     0x1  stm32f7xx_hal.o [1]
                            - 0x2000'0009     0x9

"P2", part 2 of 3:                           0xcc
  .bss               zero     0x2000'000c    0x40  main.o [1]
  .bss               zero     0x2000'004c    0x28  main.o [1]
  .bss               zero     0x2000'0074    0x20  main.o [1]
  .bss               zero     0x2000'0094    0x1c  stm32f7xx_it.o [1]
  .bss               zero     0x2000'00b0     0x8  stm32f7xx_it.o [1]
  .bss               zero     0x2000'00b8     0x4  main.o [1]
  .bss               zero     0x2000'00bc     0x4  main.o [1]
  .bss               zero     0x2000'00c0     0x4  main.o [1]
  .bss               zero     0x2000'00c4     0x4  main.o [1]
  .bss               zero     0x2000'00c8     0x4  stm32f7xx_hal.o [1]
  .bss               zero     0x2000'00cc     0x4  stm32f7xx_it.o [1]
  .bss               zero     0x2000'00d0     0x4  stm32f7xx_it.o [1]
  .bss               zero     0x2000'00d4     0x1  main.o [1]
  .bss               zero     0x2000'00d5     0x1  stm32f7xx_it.o [1]
                            - 0x2000'00d6    0xca

"P2", part 3 of 3:                          0x400
  CSTACK                      0x2000'00d8   0x400  <Block>
    CSTACK           uninit   0x2000'00d8   0x400  <Block tail>
                            - 0x2000'04d8   0x400

Unused ranges:

         From           To      Size
         ----           --      ----
   0x800'20bc   0x80f'ffff  0xf'df44
  0x2000'04d8  0x2004'ffff  0x4'fb28


*******************************************************************************
*** INIT TABLE
***

          Address      Size
          -------      ----
Zero (__iar_zero_init3)
    1 destination range, total size 0xca:
          0x2000'000c  0xca

Copy (__iar_copy_init3)
    1 source range, total size 0xc (133% of destination):
           0x800'1f34   0xc
    1 destination range, total size 0x9:
          0x2000'0000   0x9



*******************************************************************************
*** MODULE SUMMARY
***

    Module                  ro code  ro data  rw data
    ------                  -------  -------  -------
command line/config:
    -------------------------------------------------
    Total:

C:\IAR_Code\CAN_New2\EWARM\CAN_New2\Obj: [1]
    main.o                      606               153
    startup_stm32f746xx.o       852
    stm32f7xx_hal.o             134        5        9
    stm32f7xx_hal_can.o       1'724
    stm32f7xx_hal_cortex.o      344
    stm32f7xx_hal_gpio.o        624
    stm32f7xx_hal_msp.o         236
    stm32f7xx_hal_pwr_ex.o      120
    stm32f7xx_hal_rcc.o       1'640
    stm32f7xx_hal_tim.o         770
    stm32f7xx_hal_tim_ex.o      198
    stm32f7xx_it.o               88                45
    system_stm32f7xx.o           28       20        4
    -------------------------------------------------
    Total:                    7'364       25      211

dl7M_tln.a: [2]
    exit.o                        4
    low_level_init.o              4
    -------------------------------------------------
    Total:                        8

m7M_tls.a: [3]
    fpinit_M.o                   34
    -------------------------------------------------
    Total:                       34

rt7M_tl.a: [4]
    ABImemset.o                 102
    I64DivMod.o                 560
    I64DivZer.o                   2
    cexit.o                      10
    cmain.o                      30
    copy_init3.o                 46
    cstartup_M.o                 12
    data_init.o                  40
    memset.o                     20
    zero_init3.o                 58
    -------------------------------------------------
    Total:                      880

shb_l.a: [5]
    exit.o                       20
    unwind_debug.o                         1
    -------------------------------------------------
    Total:                       20        1

    Gaps                          7        2
    Linker created                        39    1'024
-----------------------------------------------------
    Grand Total:              8'313       67    1'235


*******************************************************************************
*** ENTRY LIST
***

Entry                       Address   Size  Type      Object
-----                       -------   ----  ----      ------
.iar.init_table$$Base    0x800'1e80          --   Gb  - Linker created -
.iar.init_table$$Limit   0x800'1ea4          --   Gb  - Linker created -
?main                    0x800'1ea5         Code  Gb  cmain.o [4]
AHBPrescTable            0x800'1f08   0x10  Data  Gb  system_stm32f7xx.o [1]
BusFault_Handler         0x800'1dcb    0x2  Code  Gb  stm32f7xx_it.o [1]
CAN1_RX0_IRQHandler      0x800'1ddd    0xa  Code  Gb  stm32f7xx_it.o [1]
CAN_ini()                0x800'0b8d   0x38  Code  Gb  main.o [1]
CSTACK$$Base            0x2000'00d8          --   Gb  - Linker created -
CSTACK$$Limit           0x2000'04d8          --   Gb  - Linker created -
DebugMon_Handler         0x800'1dd1    0x2  Code  Gb  stm32f7xx_it.o [1]
Error_Handler            0x800'0c09    0x2  Code  Gb  main.o [1]
HAL_CAN_ActivateNotification
                         0x800'0615   0x34  Code  Gb  stm32f7xx_hal_can.o [1]
HAL_CAN_ConfigFilter     0x800'0335  0x128  Code  Gb  stm32f7xx_hal_can.o [1]
HAL_CAN_GetRxMessage     0x800'04bd  0x158  Code  Gb  stm32f7xx_hal_can.o [1]
HAL_CAN_IRQHandler       0x800'0649  0x224  Code  Gb  stm32f7xx_hal_can.o [1]
HAL_CAN_Init             0x800'01c9  0x16c  Code  Gb  stm32f7xx_hal_can.o [1]
HAL_CAN_MspInit          0x800'089b   0x72  Code  Gb  stm32f7xx_hal_msp.o [1]
HAL_CAN_RxFifo0MsgPendingCallback
                         0x800'0b65   0x28  Code  Gb  main.o [1]
HAL_CAN_Start            0x800'045d   0x5c  Code  Gb  stm32f7xx_hal_can.o [1]
HAL_GPIO_Init            0x800'0c29  0x22e  Code  Gb  stm32f7xx_hal_gpio.o [1]
HAL_GetTick              0x800'0959    0xc  Code  Wk  stm32f7xx_hal.o [1]
HAL_IncTick              0x800'1e1d   0x18  Code  Wk  stm32f7xx_hal.o [1]
HAL_Init                 0x800'0ff1   0x16  Code  Gb  stm32f7xx_hal.o [1]
HAL_InitTick             0x800'1b35   0x4c  Code  Wk  stm32f7xx_hal.o [1]
HAL_MspInit              0x800'086d   0x2e  Code  Gb  stm32f7xx_hal_msp.o [1]
HAL_NVIC_EnableIRQ       0x800'0fb7    0xe  Code  Gb  stm32f7xx_hal_cortex.o [1]
HAL_NVIC_SetPriority     0x800'0f8d   0x2a  Code  Gb  stm32f7xx_hal_cortex.o [1]
HAL_NVIC_SetPriorityGrouping
                         0x800'0f81    0xc  Code  Gb  stm32f7xx_hal_cortex.o [1]
HAL_PWREx_EnableOverDrive
                         0x800'1995   0x6c  Code  Gb  stm32f7xx_hal_pwr_ex.o [1]
HAL_RCC_ClockConfig      0x800'177b  0x158  Code  Gb  stm32f7xx_hal_rcc.o [1]
HAL_RCC_GetSysClockFreq
                         0x800'18d3   0x8c  Code  Gb  stm32f7xx_hal_rcc.o [1]
HAL_RCC_OscConfig        0x800'132d  0x44e  Code  Gb  stm32f7xx_hal_rcc.o [1]
HAL_SYSTICK_Config       0x800'0fc5    0xc  Code  Gb  stm32f7xx_hal_cortex.o [1]
HAL_TIMEx_Break2Callback
                         0x800'1b8b    0x2  Code  Wk  stm32f7xx_hal_tim_ex.o [1]
HAL_TIMEx_BreakCallback
                         0x800'1b89    0x2  Code  Wk  stm32f7xx_hal_tim_ex.o [1]
HAL_TIMEx_CommutCallback
                         0x800'1b8f    0x2  Code  Wk  stm32f7xx_hal_tim_ex.o [1]
HAL_TIMEx_MasterConfigSynchronization
                         0x800'1a0d   0xa4  Code  Gb  stm32f7xx_hal_tim_ex.o [1]
HAL_TIM_Base_Init        0x800'1035   0x38  Code  Gb  stm32f7xx_hal_tim.o [1]
HAL_TIM_Base_MspInit     0x800'090d   0x32  Code  Gb  stm32f7xx_hal_msp.o [1]
HAL_TIM_Base_Start_IT    0x800'106d   0x32  Code  Gb  stm32f7xx_hal_tim.o [1]
HAL_TIM_IRQHandler       0x800'10a5  0x194  Code  Gb  stm32f7xx_hal_tim.o [1]
HardFault_Handler        0x800'1dc7    0x2  Code  Gb  stm32f7xx_it.o [1]
MemManage_Handler        0x800'1dc9    0x2  Code  Gb  stm32f7xx_it.o [1]
NMI_Handler              0x800'1dc5    0x2  Code  Gb  stm32f7xx_it.o [1]
PendSV_Handler           0x800'1dd3    0x2  Code  Gb  stm32f7xx_it.o [1]
Region$$Table$$Base      0x800'1e80          --   Gb  - Linker created -
Region$$Table$$Limit     0x800'1ea4          --   Gb  - Linker created -
SVC_Handler              0x800'1dcf    0x2  Code  Gb  stm32f7xx_it.o [1]
SysTick_Handler          0x800'1dd5    0x8  Code  Gb  stm32f7xx_it.o [1]
SystemClock_Config()     0x800'0a0f   0xaa  Code  Gb  main.o [1]
SystemCoreClock         0x2000'0004    0x4  Data  Gb  system_stm32f7xx.o [1]
SystemInit               0x800'1eed   0x14  Code  Gb  system_stm32f7xx.o [1]
TIM6_DAC_IRQHandler      0x800'1de7   0x24  Code  Gb  stm32f7xx_it.o [1]
TIM_Base_SetConfig       0x800'1239   0xc6  Code  Gb  stm32f7xx_hal_tim.o [1]
UsageFault_Handler       0x800'1dcd    0x2  Code  Gb  stm32f7xx_it.o [1]
[local to main_c]::MX_CAN1_Init()
                         0x800'0ab9   0x46  Code  Lc  main.o [1]
[local to main_c]::MX_GPIO_Init()
                         0x800'0b4b   0x1a  Code  Lc  main.o [1]
[local to main_c]::MX_TIM6_Init()
                         0x800'0aff   0x4c  Code  Lc  main.o [1]
[local to stm32f7xx_hal_cortex_c]::NVIC_EncodePriority(unsigned int, unsigned int, unsigned int)
                         0x800'0f11   0x40  Code  Lc  stm32f7xx_hal_cortex.o [1]
[local to stm32f7xx_hal_cortex_c]::SysTick_Config(unsigned int)
                         0x800'0f51   0x30  Code  Lc  stm32f7xx_hal_cortex.o [1]
[local to stm32f7xx_hal_cortex_c]::__NVIC_EnableIRQ(IRQn_Type)
                         0x800'0ec7   0x1e  Code  Lc  stm32f7xx_hal_cortex.o [1]
[local to stm32f7xx_hal_cortex_c]::__NVIC_GetPriorityGrouping()
                         0x800'0ebb    0xc  Code  Lc  stm32f7xx_hal_cortex.o [1]
[local to stm32f7xx_hal_cortex_c]::__NVIC_SetPriority(IRQn_Type, unsigned int)
                         0x800'0ee5   0x2c  Code  Lc  stm32f7xx_hal_cortex.o [1]
[local to stm32f7xx_hal_cortex_c]::__NVIC_SetPriorityGrouping(unsigned int)
                         0x800'0e99   0x22  Code  Lc  stm32f7xx_hal_cortex.o [1]
__aeabi_ldiv0            0x800'1dc1         Code  Gb  I64DivZer.o [4]
__aeabi_memset           0x800'1acd         Code  Gb  ABImemset.o [4]
__aeabi_uldivmod         0x800'1b91         Code  Gb  I64DivMod.o [4]
__cmain                  0x800'1ea5         Code  Gb  cmain.o [4]
__exit                   0x800'1ed9   0x14  Code  Gb  exit.o [5]
__iar_Memset             0x800'1acd         Code  Gb  ABImemset.o [4]
__iar_Memset_word        0x800'1ad5         Code  Gb  ABImemset.o [4]
__iar_copy_init3         0x800'1007   0x2e  Code  Gb  copy_init3.o [4]
__iar_data_init3         0x800'1e35   0x28  Code  Gb  data_init.o [4]
__iar_debug_exceptions   0x800'1b32    0x1  Data  Gb  unwind_debug.o [5]
__iar_init_vfp           0x800'1e5d         Code  Gb  fpinit_M.o [3]
__iar_program_start      0x800'1f29         Code  Gb  cstartup_M.o [4]
__iar_zero_init3         0x800'0973   0x3a  Code  Gb  zero_init3.o [4]
__low_level_init         0x800'1ec3    0x4  Code  Gb  low_level_init.o [2]
__vector_table           0x800'0000         Data  Gb  startup_stm32f746xx.o [1]
_call_main               0x800'1eb1         Code  Gb  cmain.o [4]
_exit                    0x800'1ecd         Code  Gb  cexit.o [4]
_main                    0x800'1ebf         Code  Gb  cmain.o [4]
can1_rx0_flag           0x2000'00d4    0x1  Data  Gb  main.o [1]
canRx_cnt               0x2000'00c4    0x4  Data  Gb  main.o [1]
can_rfg                 0x2000'00d5    0x1  Data  Gb  stm32f7xx_it.o [1]
exit                     0x800'1ec7    0x4  Code  Gb  exit.o [2]
ff                      0x2000'00bc    0x4  Data  Gb  main.o [1]
fff                     0x2000'00c0    0x4  Data  Gb  main.o [1]
hcan1                   0x2000'004c   0x28  Data  Gb  main.o [1]
htim6                   0x2000'000c   0x40  Data  Gb  main.o [1]
main                     0x800'09ad   0x62  Code  Gb  main.o [1]
main_cnt                0x2000'00b8    0x4  Data  Gb  main.o [1]
memset                   0x800'0c15   0x14  Code  Gb  memset.o [4]
rxData                  0x2000'00b0    0x8  Data  Gb  stm32f7xx_it.o [1]
rxHeader                0x2000'0094   0x1c  Data  Gb  stm32f7xx_it.o [1]
second_cnt              0x2000'00d0    0x4  Data  Gb  stm32f7xx_it.o [1]
temp                    0x2000'0074   0x20  Data  Gb  main.o [1]
timer6_cnt              0x2000'00cc    0x4  Data  Gb  stm32f7xx_it.o [1]
uwTick                  0x2000'00c8    0x4  Data  Gb  stm32f7xx_hal.o [1]
uwTickFreq              0x2000'0008    0x1  Data  Gb  stm32f7xx_hal.o [1]
uwTickPrio              0x2000'0000    0x4  Data  Gb  stm32f7xx_hal.o [1]


[1] = C:\IAR_Code\CAN_New2\EWARM\CAN_New2\Obj
[2] = dl7M_tln.a
[3] = m7M_tls.a
[4] = rt7M_tl.a
[5] = shb_l.a

  8'313 bytes of readonly  code memory
     67 bytes of readonly  data memory
  1'235 bytes of readwrite data memory

Errors: none
Warnings: none
