###############################################################################
#
# IAR ELF Linker V8.40.1.212/W32 for ARM                  15/May/2020  13:13:03
# Copyright 2007-2019 IAR Systems AB.
#
#    Output file  =  C:\IAR_Code\CAN_New1\EWARM\CAN_New1\Exe\CAN_New1.out
#    Map file     =  C:\IAR_Code\CAN_New1\EWARM\CAN_New1\List\CAN_New1.map
#    Command line =
#        -f C:\Users\KJH\AppData\Local\Temp\EW5FA7.tmp
#        (C:\IAR_Code\CAN_New1\EWARM\CAN_New1\Obj\main.o
#        C:\IAR_Code\CAN_New1\EWARM\CAN_New1\Obj\startup_stm32f746xx.o
#        C:\IAR_Code\CAN_New1\EWARM\CAN_New1\Obj\stm32f7xx_hal.o
#        C:\IAR_Code\CAN_New1\EWARM\CAN_New1\Obj\stm32f7xx_hal_can.o
#        C:\IAR_Code\CAN_New1\EWARM\CAN_New1\Obj\stm32f7xx_hal_cortex.o
#        C:\IAR_Code\CAN_New1\EWARM\CAN_New1\Obj\stm32f7xx_hal_dma.o
#        C:\IAR_Code\CAN_New1\EWARM\CAN_New1\Obj\stm32f7xx_hal_dma_ex.o
#        C:\IAR_Code\CAN_New1\EWARM\CAN_New1\Obj\stm32f7xx_hal_exti.o
#        C:\IAR_Code\CAN_New1\EWARM\CAN_New1\Obj\stm32f7xx_hal_flash.o
#        C:\IAR_Code\CAN_New1\EWARM\CAN_New1\Obj\stm32f7xx_hal_flash_ex.o
#        C:\IAR_Code\CAN_New1\EWARM\CAN_New1\Obj\stm32f7xx_hal_gpio.o
#        C:\IAR_Code\CAN_New1\EWARM\CAN_New1\Obj\stm32f7xx_hal_i2c.o
#        C:\IAR_Code\CAN_New1\EWARM\CAN_New1\Obj\stm32f7xx_hal_i2c_ex.o
#        C:\IAR_Code\CAN_New1\EWARM\CAN_New1\Obj\stm32f7xx_hal_msp.o
#        C:\IAR_Code\CAN_New1\EWARM\CAN_New1\Obj\stm32f7xx_hal_pwr.o
#        C:\IAR_Code\CAN_New1\EWARM\CAN_New1\Obj\stm32f7xx_hal_pwr_ex.o
#        C:\IAR_Code\CAN_New1\EWARM\CAN_New1\Obj\stm32f7xx_hal_rcc.o
#        C:\IAR_Code\CAN_New1\EWARM\CAN_New1\Obj\stm32f7xx_hal_rcc_ex.o
#        C:\IAR_Code\CAN_New1\EWARM\CAN_New1\Obj\stm32f7xx_hal_tim.o
#        C:\IAR_Code\CAN_New1\EWARM\CAN_New1\Obj\stm32f7xx_hal_tim_ex.o
#        C:\IAR_Code\CAN_New1\EWARM\CAN_New1\Obj\stm32f7xx_it.o
#        C:\IAR_Code\CAN_New1\EWARM\CAN_New1\Obj\system_stm32f7xx.o --redirect
#        _Printf=_PrintfFull --redirect _Scanf=_ScanfFull --no_out_extension -o
#        C:\IAR_Code\CAN_New1\EWARM\CAN_New1\Exe\CAN_New1.out --map
#        C:\IAR_Code\CAN_New1\EWARM\CAN_New1\List\CAN_New1.map --config
#        C:\IAR_Code\CAN_New1\EWARM/stm32f746xx_flash.icf --semihosting --entry
#        __iar_program_start --vfe --text_out locale)
#
###############################################################################

*******************************************************************************
*** RUNTIME MODEL ATTRIBUTES
***

CppFlavor        = *
__CPP_Exceptions = Disabled
__CPP_Language   = C++14
__SystemLibrary  = DLib
__dlib_version   = 6


*******************************************************************************
*** HEAP SELECTION
***

The basic heap was selected because some modules are built with
size limitations (and not runtime checking), and --advanced_heap
was not specified.


*******************************************************************************
*** PLACEMENT SUMMARY
***

"A0":  place at address 0x800'0000 { ro section .intvec };
"P1":  place in [from 0x800'0000 to 0x80f'ffff] { ro };
define block CSTACK with size = 1K, alignment = 8 { };
define block HEAP with size = 512, alignment = 8 { };
"P2":  place in [from 0x2000'0000 to 0x2004'ffff] {
          rw, block CSTACK, block HEAP };
initialize by copy { rw };

  Section            Kind         Address    Size  Object
  -------            ----         -------    ----  ------
"A0":                                       0x1c8
  .intvec            ro code   0x800'0000   0x1c8  startup_stm32f746xx.o [1]
                             - 0x800'01c8   0x1c8

"P1":                                      0x20c8
  .text              ro code   0x800'01c8   0x814  stm32f7xx_hal_can.o [1]
  .text              ro code   0x800'09dc    0xec  stm32f7xx_hal_msp.o [1]
  .text              ro code   0x800'0ac8     0xc  stm32f7xx_hal.o [1]
  .text              ro code   0x800'0ad4     0x2  stm32f7xx_hal_can.o [1]
  .text              ro code   0x800'0ad6     0x2  stm32f7xx_hal_can.o [1]
  .text              ro code   0x800'0ad8     0x2  stm32f7xx_hal_can.o [1]
  .text              ro code   0x800'0ada     0x2  stm32f7xx_hal_can.o [1]
  .text              ro code   0x800'0adc     0x2  stm32f7xx_hal_can.o [1]
  .text              ro code   0x800'0ade     0x2  stm32f7xx_hal_can.o [1]
  .text              ro code   0x800'0ae0     0x2  stm32f7xx_hal_can.o [1]
  .text              ro code   0x800'0ae2    0x3a  zero_init3.o [4]
  .text              ro code   0x800'0b1c   0x25e  main.o [1]
  .text              ro code   0x800'0d7a     0x2  stm32f7xx_hal_can.o [1]
  .text              ro code   0x800'0d7c     0x2  stm32f7xx_hal_can.o [1]
  .text              ro code   0x800'0d7e     0x2  stm32f7xx_hal_can.o [1]
  .text              ro code   0x800'0d80     0x2  stm32f7xx_hal_can.o [1]
  .text              ro code   0x800'0d82     0x2  stm32f7xx_hal_can.o [1]
  .text              ro code   0x800'0d84    0x14  memset.o [4]
  .text              ro code   0x800'0d98   0x270  stm32f7xx_hal_gpio.o [1]
  .text              ro code   0x800'1008   0x158  stm32f7xx_hal_cortex.o [1]
  .text              ro code   0x800'1160    0x16  stm32f7xx_hal.o [1]
  .text              ro code   0x800'1176    0x2e  copy_init3.o [4]
  .text              ro code   0x800'11a4   0x2f8  stm32f7xx_hal_tim.o [1]
  .text              ro code   0x800'149c   0x668  stm32f7xx_hal_rcc.o [1]
  .text              ro code   0x800'1b04    0x78  stm32f7xx_hal_pwr_ex.o [1]
  .text              ro code   0x800'1b7c    0xc0  stm32f7xx_hal_tim_ex.o [1]
  .text              ro code   0x800'1c3c    0x66  ABImemset.o [4]
  .rodata            const     0x800'1ca2     0x1  unwind_debug.o [5]
  .text              ro code   0x800'1ca4    0x4c  stm32f7xx_hal.o [1]
  .text              ro code   0x800'1cf0     0x2  stm32f7xx_hal_tim.o [1]
  .text              ro code   0x800'1cf2     0x2  stm32f7xx_hal_tim.o [1]
  .text              ro code   0x800'1cf4     0x2  stm32f7xx_hal_tim.o [1]
  .text              ro code   0x800'1cf6     0x2  stm32f7xx_hal_tim.o [1]
  .text              ro code   0x800'1cf8     0x2  stm32f7xx_hal_tim_ex.o [1]
  .text              ro code   0x800'1cfa     0x2  stm32f7xx_hal_tim_ex.o [1]
  .text              ro code   0x800'1cfc     0x2  stm32f7xx_hal_tim.o [1]
  .text              ro code   0x800'1cfe     0x2  stm32f7xx_hal_tim_ex.o [1]
  .text              ro code   0x800'1d00   0x230  I64DivMod.o [4]
  .text              ro code   0x800'1f30     0x2  I64DivZer.o [4]
  .text              ro code   0x800'1f34    0xbc  stm32f7xx_it.o [1]
  .text              ro code   0x800'1ff0    0x18  stm32f7xx_hal.o [1]
  .text              ro code   0x800'2008    0x28  data_init.o [4]
  .text              ro code   0x800'2030    0x22  fpinit_M.o [3]
  .iar.init_table    const     0x800'2054    0x24  - Linker created -
  .text              ro code   0x800'2078    0x1e  cmain.o [4]
  .text              ro code   0x800'2096     0x4  low_level_init.o [2]
  .text              ro code   0x800'209a     0x4  exit.o [2]
  .text              ro code   0x800'20a0     0xa  cexit.o [4]
  .text              ro code   0x800'20ac    0x14  exit.o [5]
  .text              ro code   0x800'20c0    0x1c  system_stm32f7xx.o [1]
  .rodata            const     0x800'20dc    0x10  system_stm32f7xx.o [1]
  .text              ro code   0x800'20ec    0x10  startup_stm32f746xx.o [1]
  .text              ro code   0x800'20fc     0xc  cstartup_M.o [4]
  Initializer bytes  const     0x800'2108     0xc  <for P2-1>
  .text              ro code   0x800'2114     0x4  startup_stm32f746xx.o [1]
  .text              ro code   0x800'2118     0x4  startup_stm32f746xx.o [1]
  .text              ro code   0x800'211c     0x4  startup_stm32f746xx.o [1]
  .text              ro code   0x800'2120     0x4  startup_stm32f746xx.o [1]
  .text              ro code   0x800'2124     0x4  startup_stm32f746xx.o [1]
  .text              ro code   0x800'2128     0x4  startup_stm32f746xx.o [1]
  .text              ro code   0x800'212c     0x4  startup_stm32f746xx.o [1]
  .text              ro code   0x800'2130     0x4  startup_stm32f746xx.o [1]
  .text              ro code   0x800'2134     0x4  startup_stm32f746xx.o [1]
  .text              ro code   0x800'2138     0x4  startup_stm32f746xx.o [1]
  .text              ro code   0x800'213c     0x4  startup_stm32f746xx.o [1]
  .text              ro code   0x800'2140     0x4  startup_stm32f746xx.o [1]
  .text              ro code   0x800'2144     0x4  startup_stm32f746xx.o [1]
  .text              ro code   0x800'2148     0x4  startup_stm32f746xx.o [1]
  .text              ro code   0x800'214c     0x4  startup_stm32f746xx.o [1]
  .text              ro code   0x800'2150     0x4  startup_stm32f746xx.o [1]
  .text              ro code   0x800'2154     0x4  startup_stm32f746xx.o [1]
  .text              ro code   0x800'2158     0x4  startup_stm32f746xx.o [1]
  .text              ro code   0x800'215c     0x4  startup_stm32f746xx.o [1]
  .text              ro code   0x800'2160     0x4  startup_stm32f746xx.o [1]
  .text              ro code   0x800'2164     0x4  startup_stm32f746xx.o [1]
  .text              ro code   0x800'2168     0x4  startup_stm32f746xx.o [1]
  .text              ro code   0x800'216c     0x4  startup_stm32f746xx.o [1]
  .text              ro code   0x800'2170     0x4  startup_stm32f746xx.o [1]
  .text              ro code   0x800'2174     0x4  startup_stm32f746xx.o [1]
  .text              ro code   0x800'2178     0x4  startup_stm32f746xx.o [1]
  .text              ro code   0x800'217c     0x4  startup_stm32f746xx.o [1]
  .text              ro code   0x800'2180     0x4  startup_stm32f746xx.o [1]
  .text              ro code   0x800'2184     0x4  startup_stm32f746xx.o [1]
  .text              ro code   0x800'2188     0x4  startup_stm32f746xx.o [1]
  .text              ro code   0x800'218c     0x4  startup_stm32f746xx.o [1]
  .text              ro code   0x800'2190     0x4  startup_stm32f746xx.o [1]
  .text              ro code   0x800'2194     0x4  startup_stm32f746xx.o [1]
  .text              ro code   0x800'2198     0x4  startup_stm32f746xx.o [1]
  .text              ro code   0x800'219c     0x4  startup_stm32f746xx.o [1]
  .text              ro code   0x800'21a0     0x4  startup_stm32f746xx.o [1]
  .text              ro code   0x800'21a4     0x4  startup_stm32f746xx.o [1]
  .text              ro code   0x800'21a8     0x4  startup_stm32f746xx.o [1]
  .text              ro code   0x800'21ac     0x4  startup_stm32f746xx.o [1]
  .text              ro code   0x800'21b0     0x4  startup_stm32f746xx.o [1]
  .text              ro code   0x800'21b4     0x4  startup_stm32f746xx.o [1]
  .text              ro code   0x800'21b8     0x4  startup_stm32f746xx.o [1]
  .text              ro code   0x800'21bc     0x4  startup_stm32f746xx.o [1]
  .text              ro code   0x800'21c0     0x4  startup_stm32f746xx.o [1]
  .text              ro code   0x800'21c4     0x4  startup_stm32f746xx.o [1]
  .text              ro code   0x800'21c8     0x4  startup_stm32f746xx.o [1]
  .text              ro code   0x800'21cc     0x4  startup_stm32f746xx.o [1]
  .text              ro code   0x800'21d0     0x4  startup_stm32f746xx.o [1]
  .text              ro code   0x800'21d4     0x4  startup_stm32f746xx.o [1]
  .text              ro code   0x800'21d8     0x4  startup_stm32f746xx.o [1]
  .text              ro code   0x800'21dc     0x4  startup_stm32f746xx.o [1]
  .text              ro code   0x800'21e0     0x4  startup_stm32f746xx.o [1]
  .text              ro code   0x800'21e4     0x4  startup_stm32f746xx.o [1]
  .text              ro code   0x800'21e8     0x4  startup_stm32f746xx.o [1]
  .text              ro code   0x800'21ec     0x4  startup_stm32f746xx.o [1]
  .text              ro code   0x800'21f0     0x4  startup_stm32f746xx.o [1]
  .text              ro code   0x800'21f4     0x4  startup_stm32f746xx.o [1]
  .text              ro code   0x800'21f8     0x4  startup_stm32f746xx.o [1]
  .text              ro code   0x800'21fc     0x4  startup_stm32f746xx.o [1]
  .text              ro code   0x800'2200     0x4  startup_stm32f746xx.o [1]
  .text              ro code   0x800'2204     0x4  startup_stm32f746xx.o [1]
  .text              ro code   0x800'2208     0x4  startup_stm32f746xx.o [1]
  .text              ro code   0x800'220c     0x4  startup_stm32f746xx.o [1]
  .text              ro code   0x800'2210     0x4  startup_stm32f746xx.o [1]
  .text              ro code   0x800'2214     0x4  startup_stm32f746xx.o [1]
  .text              ro code   0x800'2218     0x4  startup_stm32f746xx.o [1]
  .text              ro code   0x800'221c     0x4  startup_stm32f746xx.o [1]
  .text              ro code   0x800'2220     0x4  startup_stm32f746xx.o [1]
  .text              ro code   0x800'2224     0x4  startup_stm32f746xx.o [1]
  .text              ro code   0x800'2228     0x4  startup_stm32f746xx.o [1]
  .text              ro code   0x800'222c     0x4  startup_stm32f746xx.o [1]
  .text              ro code   0x800'2230     0x4  startup_stm32f746xx.o [1]
  .text              ro code   0x800'2234     0x4  startup_stm32f746xx.o [1]
  .text              ro code   0x800'2238     0x4  startup_stm32f746xx.o [1]
  .text              ro code   0x800'223c     0x4  startup_stm32f746xx.o [1]
  .text              ro code   0x800'2240     0x4  startup_stm32f746xx.o [1]
  .text              ro code   0x800'2244     0x4  startup_stm32f746xx.o [1]
  .text              ro code   0x800'2248     0x4  startup_stm32f746xx.o [1]
  .text              ro code   0x800'224c     0x4  startup_stm32f746xx.o [1]
  .text              ro code   0x800'2250     0x4  startup_stm32f746xx.o [1]
  .text              ro code   0x800'2254     0x4  startup_stm32f746xx.o [1]
  .text              ro code   0x800'2258     0x4  startup_stm32f746xx.o [1]
  .text              ro code   0x800'225c     0x4  startup_stm32f746xx.o [1]
  .text              ro code   0x800'2260     0x4  startup_stm32f746xx.o [1]
  .text              ro code   0x800'2264     0x4  startup_stm32f746xx.o [1]
  .text              ro code   0x800'2268     0x4  startup_stm32f746xx.o [1]
  .text              ro code   0x800'226c     0x4  startup_stm32f746xx.o [1]
  .text              ro code   0x800'2270     0x4  startup_stm32f746xx.o [1]
  .text              ro code   0x800'2274     0x4  startup_stm32f746xx.o [1]
  .text              ro code   0x800'2278     0x4  startup_stm32f746xx.o [1]
  .text              ro code   0x800'227c     0x4  startup_stm32f746xx.o [1]
  .text              ro code   0x800'2280     0x4  startup_stm32f746xx.o [1]
  .text              ro code   0x800'2284     0x4  startup_stm32f746xx.o [1]
  .text              ro code   0x800'2288     0x4  startup_stm32f746xx.o [1]
  .text              ro code   0x800'228c     0x4  startup_stm32f746xx.o [1]
  .rodata            const     0x800'2290     0x0  zero_init3.o [4]
  .rodata            const     0x800'2290     0x0  copy_init3.o [4]
                             - 0x800'2290  0x20c8

"P2", part 1 of 3:                            0xc
  P2-1                        0x2000'0000     0x9  <Init block>
    .data            inited   0x2000'0000     0x4  stm32f7xx_hal.o [1]
    .data            inited   0x2000'0004     0x4  system_stm32f7xx.o [1]
    .data            inited   0x2000'0008     0x1  stm32f7xx_hal.o [1]
                            - 0x2000'0009     0x9

"P2", part 2 of 3:                           0xf0
  .bss               zero     0x2000'000c    0x40  main.o [1]
  .bss               zero     0x2000'004c    0x28  main.o [1]
  .bss               zero     0x2000'0074    0x20  main.o [1]
  .bss               zero     0x2000'0094    0x1c  stm32f7xx_it.o [1]
  .bss               zero     0x2000'00b0    0x18  stm32f7xx_it.o [1]
  .bss               zero     0x2000'00c8     0x8  stm32f7xx_it.o [1]
  .bss               zero     0x2000'00d0     0x8  stm32f7xx_it.o [1]
  .bss               zero     0x2000'00d8     0x4  main.o [1]
  .bss               zero     0x2000'00dc     0x4  main.o [1]
  .bss               zero     0x2000'00e0     0x4  main.o [1]
  .bss               zero     0x2000'00e4     0x4  main.o [1]
  .bss               zero     0x2000'00e8     0x4  stm32f7xx_hal.o [1]
  .bss               zero     0x2000'00ec     0x4  stm32f7xx_it.o [1]
  .bss               zero     0x2000'00f0     0x4  stm32f7xx_it.o [1]
  .bss               zero     0x2000'00f4     0x4  stm32f7xx_it.o [1]
  .bss               zero     0x2000'00f8     0x1  main.o [1]
  .bss               zero     0x2000'00f9     0x1  stm32f7xx_it.o [1]
  .bss               zero     0x2000'00fa     0x1  stm32f7xx_it.o [1]
                            - 0x2000'00fb    0xef

"P2", part 3 of 3:                          0x400
  CSTACK                      0x2000'0100   0x400  <Block>
    CSTACK           uninit   0x2000'0100   0x400  <Block tail>
                            - 0x2000'0500   0x400

Unused ranges:

         From           To      Size
         ----           --      ----
   0x800'2290   0x80f'ffff  0xf'dd70
  0x2000'00fc  0x2000'00ff       0x4
  0x2000'0500  0x2004'ffff  0x4'fb00


*******************************************************************************
*** INIT TABLE
***

          Address      Size
          -------      ----
Zero (__iar_zero_init3)
    1 destination range, total size 0xef:
          0x2000'000c  0xef

Copy (__iar_copy_init3)
    1 source range, total size 0xc (133% of destination):
           0x800'2108   0xc
    1 destination range, total size 0x9:
          0x2000'0000   0x9



*******************************************************************************
*** MODULE SUMMARY
***

    Module                  ro code  ro data  rw data
    ------                  -------  -------  -------
command line/config:
    -------------------------------------------------
    Total:

C:\IAR_Code\CAN_New1\EWARM\CAN_New1\Obj: [1]
    main.o                      606               153
    startup_stm32f746xx.o       852
    stm32f7xx_hal.o             134        5        9
    stm32f7xx_hal_can.o       2'092
    stm32f7xx_hal_cortex.o      344
    stm32f7xx_hal_gpio.o        624
    stm32f7xx_hal_msp.o         236
    stm32f7xx_hal_pwr_ex.o      120
    stm32f7xx_hal_rcc.o       1'640
    stm32f7xx_hal_tim.o         770
    stm32f7xx_hal_tim_ex.o      198
    stm32f7xx_it.o              188                82
    system_stm32f7xx.o           28       20        4
    -------------------------------------------------
    Total:                    7'832       25      248

dl7M_tln.a: [2]
    exit.o                        4
    low_level_init.o              4
    -------------------------------------------------
    Total:                        8

m7M_tls.a: [3]
    fpinit_M.o                   34
    -------------------------------------------------
    Total:                       34

rt7M_tl.a: [4]
    ABImemset.o                 102
    I64DivMod.o                 560
    I64DivZer.o                   2
    cexit.o                      10
    cmain.o                      30
    copy_init3.o                 46
    cstartup_M.o                 12
    data_init.o                  40
    memset.o                     20
    zero_init3.o                 58
    -------------------------------------------------
    Total:                      880

shb_l.a: [5]
    exit.o                       20
    unwind_debug.o                         1
    -------------------------------------------------
    Total:                       20        1

    Gaps                          7        2
    Linker created                        39    1'024
-----------------------------------------------------
    Grand Total:              8'781       67    1'272


*******************************************************************************
*** ENTRY LIST
***

Entry                       Address   Size  Type      Object
-----                       -------   ----  ----      ------
.iar.init_table$$Base    0x800'2054          --   Gb  - Linker created -
.iar.init_table$$Limit   0x800'2078          --   Gb  - Linker created -
?main                    0x800'2079         Code  Gb  cmain.o [4]
AHBPrescTable            0x800'20dc   0x10  Data  Gb  system_stm32f7xx.o [1]
BusFault_Handler         0x800'1f3b    0x2  Code  Gb  stm32f7xx_it.o [1]
CAN1_RX0_IRQHandler      0x800'1f4d    0xa  Code  Gb  stm32f7xx_it.o [1]
CAN_ini()                0x800'0cfd   0x38  Code  Gb  main.o [1]
CSTACK$$Base            0x2000'0100          --   Gb  - Linker created -
CSTACK$$Limit           0x2000'0500          --   Gb  - Linker created -
DebugMon_Handler         0x800'1f41    0x2  Code  Gb  stm32f7xx_it.o [1]
Error_Handler            0x800'0d79    0x2  Code  Gb  main.o [1]
HAL_CAN_ActivateNotification
                         0x800'0785   0x34  Code  Gb  stm32f7xx_hal_can.o [1]
HAL_CAN_AddTxMessage     0x800'04bd  0x138  Code  Gb  stm32f7xx_hal_can.o [1]
HAL_CAN_ConfigFilter     0x800'0335  0x128  Code  Gb  stm32f7xx_hal_can.o [1]
HAL_CAN_GetRxMessage     0x800'062d  0x158  Code  Gb  stm32f7xx_hal_can.o [1]
HAL_CAN_GetTxMailboxesFreeLevel
                         0x800'05f5   0x38  Code  Gb  stm32f7xx_hal_can.o [1]
HAL_CAN_IRQHandler       0x800'07b9  0x224  Code  Gb  stm32f7xx_hal_can.o [1]
HAL_CAN_Init             0x800'01c9  0x16c  Code  Gb  stm32f7xx_hal_can.o [1]
HAL_CAN_MspInit          0x800'0a0b   0x72  Code  Gb  stm32f7xx_hal_msp.o [1]
HAL_CAN_RxFifo0MsgPendingCallback
                         0x800'0cd5   0x28  Code  Gb  main.o [1]
HAL_CAN_Start            0x800'045d   0x5c  Code  Gb  stm32f7xx_hal_can.o [1]
HAL_GPIO_Init            0x800'0d99  0x22e  Code  Gb  stm32f7xx_hal_gpio.o [1]
HAL_GetTick              0x800'0ac9    0xc  Code  Wk  stm32f7xx_hal.o [1]
HAL_IncTick              0x800'1ff1   0x18  Code  Wk  stm32f7xx_hal.o [1]
HAL_Init                 0x800'1161   0x16  Code  Gb  stm32f7xx_hal.o [1]
HAL_InitTick             0x800'1ca5   0x4c  Code  Wk  stm32f7xx_hal.o [1]
HAL_MspInit              0x800'09dd   0x2e  Code  Gb  stm32f7xx_hal_msp.o [1]
HAL_NVIC_EnableIRQ       0x800'1127    0xe  Code  Gb  stm32f7xx_hal_cortex.o [1]
HAL_NVIC_SetPriority     0x800'10fd   0x2a  Code  Gb  stm32f7xx_hal_cortex.o [1]
HAL_NVIC_SetPriorityGrouping
                         0x800'10f1    0xc  Code  Gb  stm32f7xx_hal_cortex.o [1]
HAL_PWREx_EnableOverDrive
                         0x800'1b05   0x6c  Code  Gb  stm32f7xx_hal_pwr_ex.o [1]
HAL_RCC_ClockConfig      0x800'18eb  0x158  Code  Gb  stm32f7xx_hal_rcc.o [1]
HAL_RCC_GetSysClockFreq
                         0x800'1a43   0x8c  Code  Gb  stm32f7xx_hal_rcc.o [1]
HAL_RCC_OscConfig        0x800'149d  0x44e  Code  Gb  stm32f7xx_hal_rcc.o [1]
HAL_SYSTICK_Config       0x800'1135    0xc  Code  Gb  stm32f7xx_hal_cortex.o [1]
HAL_TIMEx_Break2Callback
                         0x800'1cfb    0x2  Code  Wk  stm32f7xx_hal_tim_ex.o [1]
HAL_TIMEx_BreakCallback
                         0x800'1cf9    0x2  Code  Wk  stm32f7xx_hal_tim_ex.o [1]
HAL_TIMEx_CommutCallback
                         0x800'1cff    0x2  Code  Wk  stm32f7xx_hal_tim_ex.o [1]
HAL_TIMEx_MasterConfigSynchronization
                         0x800'1b7d   0xa4  Code  Gb  stm32f7xx_hal_tim_ex.o [1]
HAL_TIM_Base_Init        0x800'11a5   0x38  Code  Gb  stm32f7xx_hal_tim.o [1]
HAL_TIM_Base_MspInit     0x800'0a7d   0x32  Code  Gb  stm32f7xx_hal_msp.o [1]
HAL_TIM_Base_Start_IT    0x800'11dd   0x32  Code  Gb  stm32f7xx_hal_tim.o [1]
HAL_TIM_IRQHandler       0x800'1215  0x194  Code  Gb  stm32f7xx_hal_tim.o [1]
HardFault_Handler        0x800'1f37    0x2  Code  Gb  stm32f7xx_it.o [1]
MemManage_Handler        0x800'1f39    0x2  Code  Gb  stm32f7xx_it.o [1]
NMI_Handler              0x800'1f35    0x2  Code  Gb  stm32f7xx_it.o [1]
PendSV_Handler           0x800'1f43    0x2  Code  Gb  stm32f7xx_it.o [1]
Region$$Table$$Base      0x800'2054          --   Gb  - Linker created -
Region$$Table$$Limit     0x800'2078          --   Gb  - Linker created -
SVC_Handler              0x800'1f3f    0x2  Code  Gb  stm32f7xx_it.o [1]
SysTick_Handler          0x800'1f45    0x8  Code  Gb  stm32f7xx_it.o [1]
SystemClock_Config()     0x800'0b7f   0xaa  Code  Gb  main.o [1]
SystemCoreClock         0x2000'0004    0x4  Data  Gb  system_stm32f7xx.o [1]
SystemInit               0x800'20c1   0x14  Code  Gb  system_stm32f7xx.o [1]
TIM6_DAC_IRQHandler      0x800'1f57   0x28  Code  Gb  stm32f7xx_it.o [1]
TIM_Base_SetConfig       0x800'13a9   0xc6  Code  Gb  stm32f7xx_hal_tim.o [1]
UsageFault_Handler       0x800'1f3d    0x2  Code  Gb  stm32f7xx_it.o [1]
[local to main_c]::MX_CAN1_Init()
                         0x800'0c29   0x46  Code  Lc  main.o [1]
[local to main_c]::MX_GPIO_Init()
                         0x800'0cbb   0x1a  Code  Lc  main.o [1]
[local to main_c]::MX_TIM6_Init()
                         0x800'0c6f   0x4c  Code  Lc  main.o [1]
[local to stm32f7xx_hal_cortex_c]::NVIC_EncodePriority(unsigned int, unsigned int, unsigned int)
                         0x800'1081   0x40  Code  Lc  stm32f7xx_hal_cortex.o [1]
[local to stm32f7xx_hal_cortex_c]::SysTick_Config(unsigned int)
                         0x800'10c1   0x30  Code  Lc  stm32f7xx_hal_cortex.o [1]
[local to stm32f7xx_hal_cortex_c]::__NVIC_EnableIRQ(IRQn_Type)
                         0x800'1037   0x1e  Code  Lc  stm32f7xx_hal_cortex.o [1]
[local to stm32f7xx_hal_cortex_c]::__NVIC_GetPriorityGrouping()
                         0x800'102b    0xc  Code  Lc  stm32f7xx_hal_cortex.o [1]
[local to stm32f7xx_hal_cortex_c]::__NVIC_SetPriority(IRQn_Type, unsigned int)
                         0x800'1055   0x2c  Code  Lc  stm32f7xx_hal_cortex.o [1]
[local to stm32f7xx_hal_cortex_c]::__NVIC_SetPriorityGrouping(unsigned int)
                         0x800'1009   0x22  Code  Lc  stm32f7xx_hal_cortex.o [1]
__aeabi_ldiv0            0x800'1f31         Code  Gb  I64DivZer.o [4]
__aeabi_memset           0x800'1c3d         Code  Gb  ABImemset.o [4]
__aeabi_uldivmod         0x800'1d01         Code  Gb  I64DivMod.o [4]
__cmain                  0x800'2079         Code  Gb  cmain.o [4]
__exit                   0x800'20ad   0x14  Code  Gb  exit.o [5]
__iar_Memset             0x800'1c3d         Code  Gb  ABImemset.o [4]
__iar_Memset_word        0x800'1c45         Code  Gb  ABImemset.o [4]
__iar_copy_init3         0x800'1177   0x2e  Code  Gb  copy_init3.o [4]
__iar_data_init3         0x800'2009   0x28  Code  Gb  data_init.o [4]
__iar_debug_exceptions   0x800'1ca2    0x1  Data  Gb  unwind_debug.o [5]
__iar_init_vfp           0x800'2031         Code  Gb  fpinit_M.o [3]
__iar_program_start      0x800'20fd         Code  Gb  cstartup_M.o [4]
__iar_zero_init3         0x800'0ae3   0x3a  Code  Gb  zero_init3.o [4]
__low_level_init         0x800'2097    0x4  Code  Gb  low_level_init.o [2]
__vector_table           0x800'0000         Data  Gb  startup_stm32f746xx.o [1]
_call_main               0x800'2085         Code  Gb  cmain.o [4]
_exit                    0x800'20a1         Code  Gb  cexit.o [4]
_main                    0x800'2093         Code  Gb  cmain.o [4]
can1_rx0_flag           0x2000'00f8    0x1  Data  Gb  main.o [1]
canRx_cnt               0x2000'00e4    0x4  Data  Gb  main.o [1]
can_cnt                 0x2000'00fa    0x1  Data  Gb  stm32f7xx_it.o [1]
can_rfg                 0x2000'00f9    0x1  Data  Gb  stm32f7xx_it.o [1]
exit                     0x800'209b    0x4  Code  Gb  exit.o [2]
ff                      0x2000'00dc    0x4  Data  Gb  main.o [1]
fff                     0x2000'00e0    0x4  Data  Gb  main.o [1]
hcan1                   0x2000'004c   0x28  Data  Gb  main.o [1]
htim6                   0x2000'000c   0x40  Data  Gb  main.o [1]
main                     0x800'0b1d   0x62  Code  Gb  main.o [1]
main_cnt                0x2000'00d8    0x4  Data  Gb  main.o [1]
memset                   0x800'0d85   0x14  Code  Gb  memset.o [4]
put_can()                0x800'1f7f   0x50  Code  Gb  stm32f7xx_it.o [1]
rxData                  0x2000'00c8    0x8  Data  Gb  stm32f7xx_it.o [1]
rxHeader                0x2000'0094   0x1c  Data  Gb  stm32f7xx_it.o [1]
second_cnt              0x2000'00f0    0x4  Data  Gb  stm32f7xx_it.o [1]
temp                    0x2000'0074   0x20  Data  Gb  main.o [1]
timer6_cnt              0x2000'00ec    0x4  Data  Gb  stm32f7xx_it.o [1]
txData                  0x2000'00d0    0x8  Data  Gb  stm32f7xx_it.o [1]
txHeader                0x2000'00b0   0x18  Data  Gb  stm32f7xx_it.o [1]
txMailBox               0x2000'00f4    0x4  Data  Gb  stm32f7xx_it.o [1]
uwTick                  0x2000'00e8    0x4  Data  Gb  stm32f7xx_hal.o [1]
uwTickFreq              0x2000'0008    0x1  Data  Gb  stm32f7xx_hal.o [1]
uwTickPrio              0x2000'0000    0x4  Data  Gb  stm32f7xx_hal.o [1]


[1] = C:\IAR_Code\CAN_New1\EWARM\CAN_New1\Obj
[2] = dl7M_tln.a
[3] = m7M_tls.a
[4] = rt7M_tl.a
[5] = shb_l.a

  8'781 bytes of readonly  code memory
     67 bytes of readonly  data memory
  1'272 bytes of readwrite data memory

Errors: none
Warnings: none
